// Jest Snapshot v1, https://goo.gl/fbAQLP

exports[`Pruebas en <Books/> Debe hacer match con el snapshot 1`] = `
{
  "asFragment": [Function],
  "baseElement": <body>
    <div>
      <main
        class="mt-5 mx-auto mb-3 h-100"
      >
        <div
          class=""
        >
          <section
            class="Books__available rounded border"
          >
            <div
              class="d-flex flex-column Books__header"
            >
              <h4>
                Libros disponibles: 
                <span>
                  0
                </span>
              </h4>
            </div>
            <div
              class="mx-3 Books__cards mb-3"
            />
          </section>
        </div>
      </main>
    </div>
  </body>,
  "container": <div>
    <main
      class="mt-5 mx-auto mb-3 h-100"
    >
      <div
        class=""
      >
        <section
          class="Books__available rounded border"
        >
          <div
            class="d-flex flex-column Books__header"
          >
            <h4>
              Libros disponibles: 
              <span>
                0
              </span>
            </h4>
          </div>
          <div
            class="mx-3 Books__cards mb-3"
          />
        </section>
      </div>
    </main>
  </div>,
  "debug": [Function],
  "findAllByAltText": [Function],
  "findAllByDisplayValue": [Function],
  "findAllByLabelText": [Function],
  "findAllByPlaceholderText": [Function],
  "findAllByRole": [Function],
  "findAllByTestId": [Function],
  "findAllByText": [Function],
  "findAllByTitle": [Function],
  "findByAltText": [Function],
  "findByDisplayValue": [Function],
  "findByLabelText": [Function],
  "findByPlaceholderText": [Function],
  "findByRole": [Function],
  "findByTestId": [Function],
  "findByText": [Function],
  "findByTitle": [Function],
  "getAllByAltText": [Function],
  "getAllByDisplayValue": [Function],
  "getAllByLabelText": [Function],
  "getAllByPlaceholderText": [Function],
  "getAllByRole": [Function],
  "getAllByTestId": [Function],
  "getAllByText": [Function],
  "getAllByTitle": [Function],
  "getByAltText": [Function],
  "getByDisplayValue": [Function],
  "getByLabelText": [Function],
  "getByPlaceholderText": [Function],
  "getByRole": [Function],
  "getByTestId": [Function],
  "getByText": [Function],
  "getByTitle": [Function],
  "queryAllByAltText": [Function],
  "queryAllByDisplayValue": [Function],
  "queryAllByLabelText": [Function],
  "queryAllByPlaceholderText": [Function],
  "queryAllByRole": [Function],
  "queryAllByTestId": [Function],
  "queryAllByText": [Function],
  "queryAllByTitle": [Function],
  "queryByAltText": [Function],
  "queryByDisplayValue": [Function],
  "queryByLabelText": [Function],
  "queryByPlaceholderText": [Function],
  "queryByRole": [Function],
  "queryByTestId": [Function],
  "queryByText": [Function],
  "queryByTitle": [Function],
  "rerender": [Function],
  "unmount": [Function],
}
`;
