// Jest Snapshot v1, https://goo.gl/fbAQLP

exports[`Pruebas en <Books/> Debe hacer match con el snapshot 1`] = `
{
  "asFragment": [Function],
  "baseElement": <body>
    <div>
      <section
        class="container mt-3"
      >
        <div
          class="row gap-3"
        >
          <form
            class="d-flex flex-column col-sm"
          >
            <label
              class="mb-3"
            >
              Buscar por número de páginas
            </label>
            <input
              id="NumPaginas"
              max="0"
              type="range"
              value="0"
            />
            <div
              class="d-flex justify-content-center gap-3 align-items-center mt-2 mb-3"
            >
              <button
                class="btn form_buttonLeft"
                type="button"
              >
                <img
                  alt="Flecha izquierda"
                  src="/src/assets/images/leftArrow.svg"
                  width="20px"
                />
              </button>
              <p
                class="text-center m-0"
              />
              <button
                class="btn form_buttonRight"
                type="button"
              >
                <img
                  alt="Flecha izquierda"
                  src="/src/assets/images/rightArrow.svg"
                  width="20px"
                />
              </button>
            </div>
            <div
              class="d-flex justify-content-center mt-auto"
            >
              <input
                class="btn col-md-3 col-12 form__Input"
                type="submit"
                value="Buscar"
              />
            </div>
          </form>
           
          <form
            class="col-sm d-flex flex-column"
          >
            <label
              class="mb-3"
            >
              Buscar por genero
            </label>
            <select
              class="form-select filter__select mb-3"
              id="genre"
              name="genre"
            >
              <option
                value="default"
              >
                -
              </option>
            </select>
            <div
              class="d-flex justify-content-center mt-auto"
            >
              <input
                class="btn col-md-3 col-12 form__Input"
                type="submit"
                value="Buscar"
              />
            </div>
          </form>
           
        </div>
        <div
          class="d-flex justify-content-center mt-3"
        >
          <button
            class="btn btn-danger d-none"
            style="font-size: 1.3rem;"
          >
            Deshacer
          </button>
        </div>
      </section>
    </div>
  </body>,
  "container": <div>
    <section
      class="container mt-3"
    >
      <div
        class="row gap-3"
      >
        <form
          class="d-flex flex-column col-sm"
        >
          <label
            class="mb-3"
          >
            Buscar por número de páginas
          </label>
          <input
            id="NumPaginas"
            max="0"
            type="range"
            value="0"
          />
          <div
            class="d-flex justify-content-center gap-3 align-items-center mt-2 mb-3"
          >
            <button
              class="btn form_buttonLeft"
              type="button"
            >
              <img
                alt="Flecha izquierda"
                src="/src/assets/images/leftArrow.svg"
                width="20px"
              />
            </button>
            <p
              class="text-center m-0"
            />
            <button
              class="btn form_buttonRight"
              type="button"
            >
              <img
                alt="Flecha izquierda"
                src="/src/assets/images/rightArrow.svg"
                width="20px"
              />
            </button>
          </div>
          <div
            class="d-flex justify-content-center mt-auto"
          >
            <input
              class="btn col-md-3 col-12 form__Input"
              type="submit"
              value="Buscar"
            />
          </div>
        </form>
         
        <form
          class="col-sm d-flex flex-column"
        >
          <label
            class="mb-3"
          >
            Buscar por genero
          </label>
          <select
            class="form-select filter__select mb-3"
            id="genre"
            name="genre"
          >
            <option
              value="default"
            >
              -
            </option>
          </select>
          <div
            class="d-flex justify-content-center mt-auto"
          >
            <input
              class="btn col-md-3 col-12 form__Input"
              type="submit"
              value="Buscar"
            />
          </div>
        </form>
         
      </div>
      <div
        class="d-flex justify-content-center mt-3"
      >
        <button
          class="btn btn-danger d-none"
          style="font-size: 1.3rem;"
        >
          Deshacer
        </button>
      </div>
    </section>
  </div>,
  "debug": [Function],
  "findAllByAltText": [Function],
  "findAllByDisplayValue": [Function],
  "findAllByLabelText": [Function],
  "findAllByPlaceholderText": [Function],
  "findAllByRole": [Function],
  "findAllByTestId": [Function],
  "findAllByText": [Function],
  "findAllByTitle": [Function],
  "findByAltText": [Function],
  "findByDisplayValue": [Function],
  "findByLabelText": [Function],
  "findByPlaceholderText": [Function],
  "findByRole": [Function],
  "findByTestId": [Function],
  "findByText": [Function],
  "findByTitle": [Function],
  "getAllByAltText": [Function],
  "getAllByDisplayValue": [Function],
  "getAllByLabelText": [Function],
  "getAllByPlaceholderText": [Function],
  "getAllByRole": [Function],
  "getAllByTestId": [Function],
  "getAllByText": [Function],
  "getAllByTitle": [Function],
  "getByAltText": [Function],
  "getByDisplayValue": [Function],
  "getByLabelText": [Function],
  "getByPlaceholderText": [Function],
  "getByRole": [Function],
  "getByTestId": [Function],
  "getByText": [Function],
  "getByTitle": [Function],
  "queryAllByAltText": [Function],
  "queryAllByDisplayValue": [Function],
  "queryAllByLabelText": [Function],
  "queryAllByPlaceholderText": [Function],
  "queryAllByRole": [Function],
  "queryAllByTestId": [Function],
  "queryAllByText": [Function],
  "queryAllByTitle": [Function],
  "queryByAltText": [Function],
  "queryByDisplayValue": [Function],
  "queryByLabelText": [Function],
  "queryByPlaceholderText": [Function],
  "queryByRole": [Function],
  "queryByTestId": [Function],
  "queryByText": [Function],
  "queryByTitle": [Function],
  "rerender": [Function],
  "unmount": [Function],
}
`;
